sandbox login: maria_dev                                                                                                      
maria_dev@sandbox.hortonworks.com's password:                                                                                 
Last login: Mon Feb 22 23:14:41 2021 from 10.0.2.2                                                                            
[maria_dev@sandbox-hdp ~]$ hdfs dfs -mkdir /meuteste                                                                          
[maria_dev@sandbox-hdp ~]$ hdfs dfs -ls /meuteste                                                                             
Found 1 items                                                                                                                 
-rw-r--r--   1 maria_dev hdfs         46 2025-09-01 23:04 /meuteste/Arquivo.txt                                               
[maria_dev@sandbox-hdp ~]$ hdfs dfs -cat /meuteste/technologie_5.txt                                                          
cat: `/meuteste/technologie_5.txt': No such file or directory                                                                 
[maria_dev@sandbox-hdp ~]$ ste/Arquivo.txt                                                                                    
Fala galera esse é o arquivo câmbio desligo.[maria_dev@sandbox-hdp ~]$ hadoop jar /usr/hdp/current/hadoop-mapreduce-client/had
oop-                                                                                                                          
Not a valid JAR: /usr/hdp/2.6.4.0-91/hadoop-mapreduce/hadoop-                                                                 
[maria_dev@sandbox-hdp ~]$                                                                                                    
[maria_dev@sandbox-hdp ~]$ mapreduce-examples.jar wordcount /meuteste/Bike.txt                                                
-bash: mapreduce-examples.jar: command not found                                                                              
[maria_dev@sandbox-hdp ~]$                                                                                                    
[maria_dev@sandbox-hdp ~]$ hadoop jar /usr/hdp/current/hadoop-mapreduce-client/hadoop-mapreduce-examples.jar wordcount /pasta/
technologie_5.txt /pasta/output_wc
25/09/01 23:08:58 INFO client.RMProxy: Connecting to ResourceManager at sandbox-hdp.hortonworks.com/172.17.0.2:8032           
25/09/01 23:08:58 INFO client.AHSProxy: Connecting to Application History server at sandbox-hdp.hortonworks.com/172.17.0.2:102
00                                                                                                                            
25/09/01 23:08:59 INFO mapreduce.JobSubmitter: Cleaning up the staging area /user/maria_dev/.staging/job_1756767417952_0001   
org.apache.hadoop.mapreduce.lib.input.InvalidInputException: Input path does not exist: hdfs://sandbox-hdp.hortonworks.com:802
0/pasta/technologie_5.txt                                                                                                     
        at org.apache.hadoop.mapreduce.lib.input.FileInputFormat.singleThreadedListStatus(FileInputFormat.java:323)           
        at org.apache.hadoop.mapreduce.lib.input.FileInputFormat.listStatus(FileInputFormat.java:265)                         
        at org.apache.hadoop.mapreduce.lib.input.FileInputFormat.getSplits(FileInputFormat.java:387)                          
        at org.apache.hadoop.mapreduce.JobSubmitter.writeNewSplits(JobSubmitter.java:301)                                     
        at org.apache.hadoop.mapreduce.JobSubmitter.writeSplits(JobSubmitter.java:318)                                        
        at org.apache.hadoop.mapreduce.JobSubmitter.submitJobInternal(JobSubmitter.java:196)                                  
        at org.apache.hadoop.mapreduce.Job$10.run(Job.java:1290)                                                              
        at org.apache.hadoop.mapreduce.Job$10.run(Job.java:1287)                                                              
        at java.security.AccessController.doPrivileged(Native Method)                                                         
        at javax.security.auth.Subject.doAs(Subject.java:422)                                                                 
        at org.apache.hadoop.security.UserGroupInformation.doAs(UserGroupInformation.java:1869)                               
        at org.apache.hadoop.mapreduce.Job.submit(Job.java:1287)                                                              
        at org.apache.hadoop.mapreduce.Job.waitForCompletion(Job.java:1308)                                                   
        at org.apache.hadoop.examples.WordCount.main(WordCount.java:87)                                                       
        at sun.reflect.NativeMethodAccessorImpl.invoke0(Native Method)                                                        
        at sun.reflect.NativeMethodAccessorImpl.invoke(NativeMethodAccessorImpl.java:62)                                      
        at sun.reflect.DelegatingMethodAccessorImpl.invoke(DelegatingMethodAccessorImpl.java:43)                              
        at java.lang.reflect.Method.invoke(Method.java:498)                                                                   
        at org.apache.hadoop.util.ProgramDriver$ProgramDescription.invoke(ProgramDriver.java:71)                              
        at org.apache.hadoop.util.ProgramDriver.run(ProgramDriver.java:144)                                                   
        at org.apache.hadoop.examples.ExampleDriver.main(ExampleDriver.java:74)                                               
        at sun.reflect.NativeMethodAccessorImpl.invoke0(Native Method)                                                        
        at sun.reflect.NativeMethodAccessorImpl.invoke(NativeMethodAccessorImpl.java:62)                                      
        at sun.reflect.DelegatingMethodAccessorImpl.invoke(DelegatingMethodAccessorImpl.java:43)                              
        at java.lang.reflect.Method.invoke(Method.java:498)                                                                   
        at org.apache.hadoop.util.RunJar.run(RunJar.java:233)                                                                 
        at org.apache.hadoop.util.RunJar.main(RunJar.java:148)                                                                
Arquivo.txt /pasta/output_wcuce-examples.jar wordcount /pasta/                                                                
25/09/01 23:09:45 INFO client.RMProxy: Connecting to ResourceManager at sandbox-hdp.hortonworks.com/172.17.0.2:8032           
25/09/01 23:09:46 INFO client.AHSProxy: Connecting to Application History server at sandbox-hdp.hortonworks.com/172.17.0.2:102
00                                                                                                                            
25/09/01 23:09:46 INFO mapreduce.JobSubmitter: Cleaning up the staging area /user/maria_dev/.staging/job_1756767417952_0002   
org.apache.hadoop.mapreduce.lib.input.InvalidInputException: Input path does not exist: hdfs://sandbox-hdp.hortonworks.com:802
0/pasta/Arquivo.txt                                                                                                           
        at org.apache.hadoop.mapreduce.lib.input.FileInputFormat.singleThreadedListStatus(FileInputFormat.java:323)           
        at org.apache.hadoop.mapreduce.lib.input.FileInputFormat.listStatus(FileInputFormat.java:265)                         
        at org.apache.hadoop.mapreduce.lib.input.FileInputFormat.getSplits(FileInputFormat.java:387)                          
        at org.apache.hadoop.mapreduce.JobSubmitter.writeNewSplits(JobSubmitter.java:301)                                     
        at org.apache.hadoop.mapreduce.JobSubmitter.writeSplits(JobSubmitter.java:318)                                        
        at org.apache.hadoop.mapreduce.JobSubmitter.submitJobInternal(JobSubmitter.java:196)                                  
        at org.apache.hadoop.mapreduce.Job$10.run(Job.java:1290)                                                              
        at org.apache.hadoop.mapreduce.Job$10.run(Job.java:1287)                                                              
        at java.security.AccessController.doPrivileged(Native Method)                                                         
        at javax.security.auth.Subject.doAs(Subject.java:422)                                                                 
        at org.apache.hadoop.security.UserGroupInformation.doAs(UserGroupInformation.java:1869)                               
        at org.apache.hadoop.mapreduce.Job.submit(Job.java:1287)                                                              
        at org.apache.hadoop.mapreduce.Job.waitForCompletion(Job.java:1308)                                                   
        at org.apache.hadoop.examples.WordCount.main(WordCount.java:87)                                                       
        at sun.reflect.NativeMethodAccessorImpl.invoke0(Native Method)                                                        
        at sun.reflect.NativeMethodAccessorImpl.invoke(NativeMethodAccessorImpl.java:62)                                      
        at sun.reflect.DelegatingMethodAccessorImpl.invoke(DelegatingMethodAccessorImpl.java:43)                              
        at java.lang.reflect.Method.invoke(Method.java:498)                                                                   
        at org.apache.hadoop.util.ProgramDriver$ProgramDescription.invoke(ProgramDriver.java:71)                              
        at org.apache.hadoop.util.ProgramDriver.run(ProgramDriver.java:144)                                                   
        at org.apache.hadoop.examples.ExampleDriver.main(ExampleDriver.java:74)                                               
        at sun.reflect.NativeMethodAccessorImpl.invoke0(Native Method)                                                        
        at sun.reflect.NativeMethodAccessorImpl.invoke(NativeMethodAccessorImpl.java:62)                                      
        at sun.reflect.DelegatingMethodAccessorImpl.invoke(DelegatingMethodAccessorImpl.java:43)                              
        at java.lang.reflect.Method.invoke(Method.java:498)                                                                   
        at org.apache.hadoop.util.RunJar.run(RunJar.java:233)                                                                 
        at org.apache.hadoop.util.RunJar.main(RunJar.java:148)                                                                
[maria_dev@sandbox-hdp ~]$ hdfs dfs -ls /meuteste/output_wc                                                                   
ls: `/meuteste/output_wc': No such file or directory                                                                          
[maria_dev@sandbox-hdp ~]$ hadoop jar /usr/hdp/current/hadoop-mapreduce-client/hadoop-mapreduce-examples.jar wordcount /pasta/
Arquivo.txt /pasta/output_wc
25/09/01 23:11:18 INFO client.RMProxy: Connecting to ResourceManager at sandbox-hdp.hortonworks.com/172.17.0.2:8032           
25/09/01 23:11:18 INFO client.AHSProxy: Connecting to Application History server at sandbox-hdp.hortonworks.com/172.17.0.2:102
00                                                                                                                            
25/09/01 23:11:19 INFO mapreduce.JobSubmitter: Cleaning up the staging area /user/maria_dev/.staging/job_1756767417952_0003   
org.apache.hadoop.mapreduce.lib.input.InvalidInputException: Input path does not exist: hdfs://sandbox-hdp.hortonworks.com:802
0/pasta/Arquivo.txt                                                                                                           
        at org.apache.hadoop.mapreduce.lib.input.FileInputFormat.singleThreadedListStatus(FileInputFormat.java:323)           
        at org.apache.hadoop.mapreduce.lib.input.FileInputFormat.listStatus(FileInputFormat.java:265)                         
        at org.apache.hadoop.mapreduce.lib.input.FileInputFormat.getSplits(FileInputFormat.java:387)                          
        at org.apache.hadoop.mapreduce.JobSubmitter.writeNewSplits(JobSubmitter.java:301)                                     
        at org.apache.hadoop.mapreduce.JobSubmitter.writeSplits(JobSubmitter.java:318)                                        
        at org.apache.hadoop.mapreduce.JobSubmitter.submitJobInternal(JobSubmitter.java:196)                                  
        at org.apache.hadoop.mapreduce.Job$10.run(Job.java:1290)                                                              
        at org.apache.hadoop.mapreduce.Job$10.run(Job.java:1287)                                                              
        at java.security.AccessController.doPrivileged(Native Method)                                                         
        at javax.security.auth.Subject.doAs(Subject.java:422)                                                                 
        at org.apache.hadoop.security.UserGroupInformation.doAs(UserGroupInformation.java:1869)                               
        at org.apache.hadoop.mapreduce.Job.submit(Job.java:1287)                                                              
        at org.apache.hadoop.mapreduce.Job.waitForCompletion(Job.java:1308)                                                   
        at org.apache.hadoop.examples.WordCount.main(WordCount.java:87)                                                       
        at sun.reflect.NativeMethodAccessorImpl.invoke0(Native Method)                                                        
        at sun.reflect.NativeMethodAccessorImpl.invoke(NativeMethodAccessorImpl.java:62)                                      
        at sun.reflect.DelegatingMethodAccessorImpl.invoke(DelegatingMethodAccessorImpl.java:43)                              
        at java.lang.reflect.Method.invoke(Method.java:498)                                                                   
        at org.apache.hadoop.util.ProgramDriver$ProgramDescription.invoke(ProgramDriver.java:71)                              
        at org.apache.hadoop.util.ProgramDriver.run(ProgramDriver.java:144)                                                   
        at org.apache.hadoop.examples.ExampleDriver.main(ExampleDriver.java:74)                                               
        at sun.reflect.NativeMethodAccessorImpl.invoke0(Native Method)                                                        
        at sun.reflect.NativeMethodAccessorImpl.invoke(NativeMethodAccessorImpl.java:62)                                      
        at sun.reflect.DelegatingMethodAccessorImpl.invoke(DelegatingMethodAccessorImpl.java:43)                              
        at java.lang.reflect.Method.invoke(Method.java:498)                                                                   
        at org.apache.hadoop.util.RunJar.run(RunJar.java:233)                                                                 
        at org.apache.hadoop.util.RunJar.main(RunJar.java:148)                                                                
[maria_dev@sandbox-hdp ~]$ hadoop jar /usr/hdp/current/hadoop-mapreduce-client/hadoop-mapreduce-examples.jar wordcount /meutes
te/Arquivo.txt /pasta/output_wc
25/09/01 23:12:42 INFO client.RMProxy: Connecting to ResourceManager at sandbox-hdp.hortonworks.com/172.17.0.2:8032           
25/09/01 23:12:43 INFO client.AHSProxy: Connecting to Application History server at sandbox-hdp.hortonworks.com/172.17.0.2:102
00                                                                                                                            
25/09/01 23:12:43 INFO input.FileInputFormat: Total input paths to process : 1                                                
25/09/01 23:12:43 INFO mapreduce.JobSubmitter: number of splits:1                                                             
25/09/01 23:12:44 INFO mapreduce.JobSubmitter: Submitting tokens for job: job_1756767417952_0004                              
25/09/01 23:12:45 INFO impl.YarnClientImpl: Submitted application application_1756767417952_0004                              
25/09/01 23:12:45 INFO mapreduce.Job: The url to track the job: http://sandbox-hdp.hortonworks.com:8088/proxy/application_1756
767417952_0004/                                                                                                               
25/09/01 23:12:45 INFO mapreduce.Job: Running job: job_1756767417952_0004                                                     
25/09/01 23:13:03 INFO mapreduce.Job: Job job_1756767417952_0004 running in uber mode : false                                 
25/09/01 23:13:03 INFO mapreduce.Job:  map 0% reduce 0%                                                                       
hdfs dfs -ls /meuteste/output_wc                                                                                              
25/09/01 23:13:10 INFO mapreduce.Job:  map 100% reduce 0%                                                                     
25/09/01 23:13:16 INFO mapreduce.Job:  map 100% reduce 100%                                                                   
25/09/01 23:13:17 INFO mapreduce.Job: Job job_1756767417952_0004 completed successfully                                       
25/09/01 23:13:17 INFO mapreduce.Job: Counters: 49                                                                            
        File System Counters                                                                                                  
                FILE: Number of bytes read=101                                                                                
                FILE: Number of bytes written=306145                                                                          
                FILE: Number of read operations=0                                                                             
                FILE: Number of large read operations=0                                                                       
                FILE: Number of write operations=0                                                                            
                HDFS: Number of bytes read=171                                                                                
                HDFS: Number of bytes written=63                                                                              
                HDFS: Number of read operations=6                                                                             
                HDFS: Number of large read operations=0                                                                       
                HDFS: Number of write operations=2                                                                            
        Job Counters                                                                                                          
                Launched map tasks=1                                                                                          
                Launched reduce tasks=1                                                                                       
                Data-local map tasks=1                                                                                        
                Total time spent by all maps in occupied slots (ms)=4413                                                      
                Total time spent by all reduces in occupied slots (ms)=3206                                                   
                Total time spent by all map tasks (ms)=4413                                                                   
                Total time spent by all reduce tasks (ms)=3206                                                                
                Total vcore-milliseconds taken by all map tasks=4413                                                          
                Total vcore-milliseconds taken by all reduce tasks=3206                                                       
                Total megabyte-milliseconds taken by all map tasks=1103250                                                    
                Total megabyte-milliseconds taken by all reduce tasks=801500                                                  
        Map-Reduce Framework                                                                                                  
                Map input records=1                                                                                           
                Map output records=8                                                                                          
                Map output bytes=79                                                                                           
                Map output materialized bytes=101                                                                             
                Input split bytes=125                                                                                         
                Combine input records=8                                                                                       
                Combine output records=8                                                                                      
                Reduce input groups=8                                                                                         
                Reduce shuffle bytes=101                                                                                      
                Reduce input records=8                                                                                        
                Reduce output records=8                                                                                       
                Spilled Records=16                                                                                            
                Shuffled Maps =1                                                                                              
                Failed Shuffles=0                                                                                             
                Merged Map outputs=1                                                                                          
                GC time elapsed (ms)=368                                                                                      
                CPU time spent (ms)=1620                                                                                      
                Physical memory (bytes) snapshot=346447872                                                                    
                Virtual memory (bytes) snapshot=4282974208                                                                    
                Total committed heap usage (bytes)=160432128                                                                  
        Shuffle Errors                                                                                                        
                BAD_ID=0                                                                                                      
                CONNECTION=0                                                                                                  
                IO_ERROR=0                                                                                                    
                WRONG_LENGTH=0                                                                                                
                WRONG_MAP=0                                                                                                   
                WRONG_REDUCE=0                                                                                                
        File Input Format Counters                                                                                            
                Bytes Read=46                                                                                                 
        File Output Format Counters                                                                                           
                Bytes Written=63                                                                                              
[maria_dev@sandbox-hdp ~]$ hdfs dfs -ls /meuteste/output_wc                                                                   
ls: `/meuteste/output_wc': No such file or directory                                                                          
[maria_dev@sandbox-hdp ~]$ hdfs dfs -cat /meuteste/output_wc/part-r-00000 | head                                              
cat: `/meuteste/output_wc/part-r-00000': No such file or directory                                                            
[maria_dev@sandbox-hdp ~]$ hdfs dfs -cat user/maria_dev/meuteste/output_wc/part-r-00000 | head                                
cat: `user/maria_dev/meuteste/output_wc/part-r-00000': No such file or directory                                              
[maria_dev@sandbox-hdp ~]$ hadoop jar /usr/hdp/current/hadoop-mapreduce-client/hadoop-mapreduce-examples.jar wordcount /meutes
te/Arquivo.txt /meuteste/output_wc
25/09/01 23:29:54 INFO client.RMProxy: Connecting to ResourceManager at sandbox-hdp.hortonworks.com/172.17.0.2:8032           
25/09/01 23:29:54 INFO client.AHSProxy: Connecting to Application History server at sandbox-hdp.hortonworks.com/172.17.0.2:102
00                                                                                                                            
25/09/01 23:29:55 INFO input.FileInputFormat: Total input paths to process : 1                                                
25/09/01 23:29:56 INFO mapreduce.JobSubmitter: number of splits:1                                                             
25/09/01 23:29:56 INFO mapreduce.JobSubmitter: Submitting tokens for job: job_1756767417952_0005                              
25/09/01 23:29:57 INFO impl.YarnClientImpl: Submitted application application_1756767417952_0005                              
25/09/01 23:29:57 INFO mapreduce.Job: The url to track the job: http://sandbox-hdp.hortonworks.com:8088/proxy/application_1756
767417952_0005/                                                                                                               
25/09/01 23:29:57 INFO mapreduce.Job: Running job: job_1756767417952_0005                                                     
25/09/01 23:30:04 INFO mapreduce.Job: Job job_1756767417952_0005 running in uber mode : false                                 
25/09/01 23:30:04 INFO mapreduce.Job:  map 0% reduce 0%                                                                       
25/09/01 23:30:10 INFO mapreduce.Job:  map 100% reduce 0%                                                                     
25/09/01 23:30:17 INFO mapreduce.Job:  map 100% reduce 100%                                                                   
25/09/01 23:30:17 INFO mapreduce.Job: Job job_1756767417952_0005 completed successfully                                       
25/09/01 23:30:17 INFO mapreduce.Job: Counters: 49                                                                            
        File System Counters                                                                                                  
                FILE: Number of bytes read=101                                                                                
                FILE: Number of bytes written=306151                                                                          
                FILE: Number of read operations=0                                                                             
                FILE: Number of large read operations=0                                                                       
                FILE: Number of write operations=0                                                                            
                HDFS: Number of bytes read=171                                                                                
                HDFS: Number of bytes written=63                                                                              
                HDFS: Number of read operations=6                                                                             
                HDFS: Number of large read operations=0                                                                       
                HDFS: Number of write operations=2                                                                            
        Job Counters                                                                                                          
                Launched map tasks=1                                                                                          
                Launched reduce tasks=1                                                                                       
                Data-local map tasks=1                                                                                        
                Total time spent by all maps in occupied slots (ms)=3022                                                      
                Total time spent by all reduces in occupied slots (ms)=4049                                                   
                Total time spent by all map tasks (ms)=3022                                                                   
                Total time spent by all reduce tasks (ms)=4049                                                                
                Total vcore-milliseconds taken by all map tasks=3022                                                          
                Total vcore-milliseconds taken by all reduce tasks=4049                                                       
                Total megabyte-milliseconds taken by all map tasks=755500                                                     
                Total megabyte-milliseconds taken by all reduce tasks=1012250                                                 
        Map-Reduce Framework                                                                                                  
                Map input records=1                                                                                           
                Map output records=8                                                                                          
                Map output bytes=79                                                                                           
                Map output materialized bytes=101                                                                             
                Input split bytes=125                                                                                         
                Combine input records=8                                                                                       
                Combine output records=8                                                                                      
                Reduce input groups=8                                                                                         
                Reduce shuffle bytes=101                                                                                      
                Reduce input records=8                                                                                        
                Reduce output records=8                                                                                       
                Spilled Records=16                                                                                            
                Shuffled Maps =1                                                                                              
                Failed Shuffles=0                                                                                             
                Merged Map outputs=1                                                                                          
                GC time elapsed (ms)=286                                                                                      
                CPU time spent (ms)=1520                                                                                      
                Physical memory (bytes) snapshot=338624512                                                                    
                Virtual memory (bytes) snapshot=4282699776                                                                    
                Total committed heap usage (bytes)=158334976                                                                  
        Shuffle Errors                                                                                                        
                BAD_ID=0                                                                                                      
                CONNECTION=0                                                                                                  
                IO_ERROR=0                                                                                                    
                WRONG_LENGTH=0                                                                                                
                WRONG_MAP=0                                                                                                   
                WRONG_REDUCE=0                                                                                                
        File Input Format Counters                                                                                            
                Bytes Read=46                                                                                                 
        File Output Format Counters                                                                                           
                Bytes Written=63                                                                                              
[maria_dev@sandbox-hdp ~]$ hdfs dfs -ls /meuteste/output_wc                                                                   
Found 2 items                                                                                                                 
-rw-r--r--   1 maria_dev hdfs          0 2025-09-01 23:30 /meuteste/output_wc/_SUCCESS                                        
-rw-r--r--   1 maria_dev hdfs         63 2025-09-01 23:30 /meuteste/output_wc/part-r-00000                                    
[maria_dev@sandbox-hdp ~]$ hdfs dfs -cat /meuteste/output_wc/part-r-00000 | head                                              
Fala    1                                                                                                                     
arquivo 1                                                                                                                     
câmbio  1                                                                                                                     
desligo.        1                                                                                                             
esse    1                                                                                                                     
galera  1                                                                                                                     
o       1                                                                                                                     
é       1                                                                                                                     
[maria_dev@sandbox-hdp ~]$   